% Macro Keywords List
% -*- DATA:EDT -*-
% Created: Sunday, March 13, 2016 at 17:43

AboutWinEdt
ActivateChild
ActivateNextChild
AddApplication
AddCheckList
AddFileItem
AddIconItem
AddSpaces
Append
AppendLineBreak
ApplyTranslation
ArchiveFile
Assign
AutoPopup
AutoPopupHide
Backspace
Beep
BeginGroup
BookMarkLineNumber
Break
Browse
BtnClick
BtnGetDown
BtnGetMenuItem
BtnSetDown
BuildTree
CLToIndex
CMD
Call
Cancel
Center
ChDir
ChangeKeyboard
ChangeView
CharLeft
CharRight
CheckWord
Chr
ClearApplications
ClearBookMarks
ClearCheckList
ClearFileItems
ClearIconList
ClearLeft
ClearLine
ClearRegisters
ClearRight
ClearSavedRegisters
CloseAppl
CloseDoc
CloseFile
CloseOutput
ClosePrj
CloseProject
CloseSTDHandle
CompareDocuments
CompleteWord
Copy
CopyFile
CopyFromClipboard
CopyToClipboard
CreateFolders
CreateLink
Cut
DDEClose
DDEExe
DDEOpen
DDEPoke
DDERequest
Declare
DefaultPrj
DelLabel
Delete
DeleteFile
DeleteLine
DeleteTree
DeleteWord
DeleteWordLeft
DeleteWordRight
DelimiterCheck
DictionaryManager
Do
DocumentSettings
DosToUnix
DoubleEmptyLines
DoubleSpace
EnableDict
End
EndGroup
Enter
EnterLongReg
EnterReg
EnterString
EnterSwitches
EnumerateLines
EraseClipboard
EraseWorkingFiles
ErrorLogUpdate
Exe
Exit
ExitWinEdt
ExpandTabs
ExportDoc
ExportPreferences
ExternalPrint
ExtractByIndex
FillExtraSpaces
Find
FindDialog
FindError
FindInFiles
FindInString
FindNext
FlushLeft
FlushRight
FocusConsole
FoldNodes
FormatDocument
FormatParagraph
FormatString
GDIClear
GDIClearAll
GDICopy
GDICustomFont
GDIHide
GDIKillFocus
GDIPopup
GDIReset
GDISetFocus
GDISetPage
GDIShow
GDISort
GDITrack
GDIUpdate
GDIUpdateAll
GOTOBookMark
GetAppDataFolder
GetBuild
GetCallStack
GetCaption
GetCheckListItem
GetChildName
GetChrCat
GetColor
GetColorName
GetColorRGB
GetConsoleInfo
GetConsoleSize
GetConsoleText
GetCounter
GetDate
GetDim
GetDocAsString
GetDocEOLNFormat
GetDocTabIconTag
GetEnvVar
GetErrorCount
GetEventTimerStatus
GetExitCode
GetFileDrive
GetFileList
GetFileListCount
GetFileName
GetFilePath
GetFileSize
GetFileTimeStamp
GetFileType
GetFindItem
GetFont
GetFullPath
GetHighContrast
GetINIKeywords
GetImage
GetLastClickArea
GetLength
GetLine
GetLongFilename
GetLongString
GetMenuOverview
GetMenuShortcuts
GetPageCount
GetPanel
GetPreamble
GetPrjList
GetPrjListCount
GetRM
GetScreenDPI
GetScriptTagsAndFonts
GetSearchData
GetSel
GetShortFilename
GetShortcut
GetSortTable
GetStrEOLNFormat
GetString
GetSwitchIndex
GetSwitchStack
GetSyncScreenInfo
GetSyncSourceInfo
GetTag
GetTagStack
GetTimer
GetTranslationTable
GetTree
GetTreeEx
GetVersion
GetWinVersion
GlobalMark
GlobalReturn
GoToBeginningOfFile
GoToBeginningOfLine
GoToEndOfFile
GoToEndOfLine
GoToLine
GoToScreenBottom
GoToScreenTop
Goto
GotoCL
GotoCol
GotoLin
HTMLHelp
IfCMDSwitch
IfChecked
IfConsoleFocused
IfConsoleRunning
IfConsoleVisible
IfFileExists
IfFileLocked
IfFileOlder
IfFinished
IfFound
IfGetNum
IfIStr
IfIconChecked
IfKeyDown
IfLogErrors
IfMode
IfNum
IfOK
IfScrollLock
IfSel
IfStr
IfWin64
IfWinEdt64
IfisMode
IncrementalSearch
Indent
IndexToCL
InitialCapitals
Ins
InsChar
InsChr
InsLabel
InsLine
InsText
InsertBullet
InsertByIndex
InsertComment
InsertDoc
InsertItem
InsertString
InsertTemplate
Interface
Item
JMP
LetReg
LetRegNum
LetStr
LetTempReg
LineDown
LineUp
ListFolderFiles
ListOpenedFiles
LoadConfig
LoadPrjList
Loop
LowerCase
LstEnum
LstGetCount
LstGetItem
LstGetStr
LstNextItem
LstRelease
LstSort
MDIArrangeIcons
MDICascade
MDICloseAll
MDIMaximizeAll
MDIMinimizeAll
MDIRestoreAll
MDISplit
MDITileHorizontally
MDITileVertically
MUIAdd
MUIAddItem
MUIGet
MUIGetVar
MUIHide
MUILoad
MUIReset
MUISave
MUISet
MUIShow
Mark
MarkSelection
MatchDelimiter
McrLoadFromFile
McrSaveToFile
Menu
MoveBy
MoveFile
MoveLeft
MoveRight
MoveRingBackward
MoveRingForward
NewDoc
NewLine
NewPrj
NextBullet
NextDifference
NextSpellingError
Open
OpenDoc
OpenOutput
OpenPrj
OpenProject
PageDown
PageUp
ParDown
ParUp
Paste
PlayMacro
PlayMacroOnce
PopTagsandRegisters
Popup
PostMessage
PreferencesDialog
PreviousBullet
PreviousDifference
PrintDoc
PrjGetLastClosedDocument
ProcessMessages
ProjectManager
Prompt
PushTagsandRegisters
QuitWinEdt
ReadFile
Redo
RedoAll
Refresh
RefreshAll
RefreshLine
RefreshScreen
RefreshSel
RegDeleteKey
RegDeleteValue
RegisterWinEdt
Relax
Release
ReloadImages
RemoveComment
RemoveDirectory
RemoveEmptyLines
RemoveExtraSpaces
RemoveFileDrive
RemoveLineBreak
RemoveNonexistentFiles
RemoveNonexistentProjects
RemoveString
Repeat
RepeatLastCommand
RepeatMacro
Replace
ReplaceAll
ReplaceDialog
ReplaceInString
Requires
ResetConsole
ResetGroup
ResetUndoBuffer
RestoreBlock
RestoreFind
RestoreIndent
RestoreInsert
RestoreLineWrap
RestoreRegisters
RestoreSelection
RestoreSort
RestoreSpell
RestoreWrap
Return
Run
RunConsole
RunPrompt
SaveAll
SaveAllDoc
SaveDoc
SaveDocAs
SaveDocCopyAs
SaveFind
SavePrj
SavePrjAs
SaveProject
SaveRegisters
SaveSettings
SaveSort
ScreenCenterLine
ScreenLineToBottom
ScreenLineToTop
ScrollDown
ScrollLeft
ScrollRight
ScrollUp
Search
SearchForFile
SearchNext
SearchPrevious
SearchReset
Sel
SelCharLeft
SelCharRight
SelLine
SelLineDown
SelLineUp
SelPageDown
SelPageUp
SelPar
SelParDown
SelParUp
SelToBeginningOfFile
SelToBeginningOfLine
SelToEndOfFile
SelToEndOfLine
SelWord
SelWordLeft
SelWordRight
SelectAll
SelectFromMark
SelectParagraph
SelectWord
SendKeyInput
SendMail
SendMessage
SetAppendDefExt
SetBlock
SetBookMark
SetCLStart
SetCPPErr
SetCaption
SetConfig
SetConsoleCodePage
SetConsoleInfo
SetConsoleText
SetDefExt
SetDefMode
SetDefPath
SetDocEOLNFormat
SetDocTabIconTag
SetEnvVar
SetErrorFlag
SetEventTimer
SetExitHandler
SetFileMode
SetFileName
SetFileTime
SetFindCenterLine
SetFindFilesOnly
SetFindInFilesSelected
SetFindQuickReplace
SetFindRoot
SetFindStr
SetFindTextSelect
SetFindinFilesCurrent
SetFindinFilesFolders
SetFindinFilesModeFilter
SetFindinFilesOpened
SetFindinFilesProject
SetFindinFilesSubfolders
SetFindinFilesTypeFilter
SetFocus
SetFolder
SetIndent
SetIniData
SetInsert
SetLineWrap
SetLogFilename
SetLogTranslation
SetMainFile
SetModified
SetNew
SetNotFoundNotify
SetOK
SetPanelAltColor
SetPanelCaption
SetPanelColor
SetPanelFixedWidth
SetPanelMacro
SetPanelMinString
SetPanelVisible
SetRM
SetReadonly
SetRegEx
SetRegKey
SetRegStr
SetRelRM
SetReplaceNotify
SetReplacePrompt
SetReplaceRespectCaps
SetReplaceStr
SetSaveWinEdtConfig
SetSearchAllDoc
SetSearchCaseSensitive
SetSearchCurrentDoc
SetSearchCyclic
SetSearchEntire
SetSearchForward
SetSearchInline
SetSearchRelaxed
SetSearchSelected
SetSearchWholeWords
SetSel
SetSort
SetSounds
SetSpell
SetStrEOLNFormat
SetTag
SetTagStack
SetTracking
SetTree
SetTreeEx
SetUpdate
SetVirginStart
SetWinEdtRegStr
SetWrap
SetupLine
SetupScreen
ShellExecute
ShowAdvancedOptions
ShowCharacterMap
ShowCheckList
ShowCollectForm
ShowConsole
ShowDocTabs
ShowDocumentList
ShowErrorLog
ShowExecutionModes
ShowFileList
ShowFoldingMargin
ShowGUIPage
ShowGather
ShowHardReturns
ShowIconList
ShowLicenseMonitor
ShowLineNumbers
ShowList
ShowMacroRecorder
ShowProjectList
ShowStatusLine
ShowToolBar
ShowTree
ShowUnicodePreview
SingleEmptyLines
SingleSpace
Sort
SortDocumentTabs
SortLines
SpellCheck
StartTimer
StartWorking
Stop
StopWorking
SubLabel
SubstituteInString
SwapCaretSelect
Tab
TerminateProcess
ToggleCase
TrackCaret
Translate
TreeAutoSelect
TreeCollapseBranch
TreeExpandBranch
TreeGetFileName
TreeGetLineNumber
TreeSelectBranch
TreeTrack
TriggerAbbreviation
TriggerActiveString
TrimCommandLine
TrimLine
TrimSpaces
Undo
UndoAll
UnfoldNodes
Unindent
UnixToDos
UpdateDoc
UpdateFile
UpdateStatus
UpperCase
Variables
Wait
WaitForFocus
WaitForInputIdle
WaitForMessage
WhileOK
WinEdtWizard
WinExe
WordCount
WordLeft
WordRight
WordWebLookup
WrL
WrS
WrapSelectedText
WriteFile
