gbksong@UGBK@   <simsun.ttf  PidEid=3,1
gbksongsl@UGBK@ <simsun.ttf  PidEid=3,1
gbkfs@UGBK@     <simfang.ttf PidEid=3,1
gbkfssl@UGBK@   <simfang.ttf PidEid=3,1
gbkhei@UGBK@    <simhei.ttf  PidEid=3,1
gbkheisl@UGBK@  <simhei.ttf  PidEid=3,1
gbkkai@UGBK@    <simkai.ttf  PidEid=3,1
gbkkaisl@UGBK@  <simkai.ttf  PidEid=3,1
gbkli@UGBK@     <simli.ttf   PidEid=3,1
gbklisl@UGBK@   <simli.ttf   PidEid=3,1
gbkyou@UGBK@    <simyou.ttf  PidEid=3,1
gbkyousl@UGBK@  <simyou.ttf  PidEid=3,1

unisong@Unicode@   <simsun.ttf  PidEid=3,1
unisongsl@Unicode@ <simsun.ttf  PidEid=3,1
unifs@Unicode@     <simfang.ttf PidEid=3,1
unifssl@Unicode@   <simfang.ttf PidEid=3,1
unihei@Unicode@    <simhei.ttf  PidEid=3,1
uniheisl@Unicode@  <simhei.ttf  PidEid=3,1
unikai@Unicode@    <simkai.ttf  PidEid=3,1
unikaisl@Unicode@  <simkai.ttf  PidEid=3,1
unili@Unicode@     <simli.ttf   PidEid=3,1
unilisl@Unicode@   <simli.ttf   PidEid=3,1
uniyou@Unicode@    <simyou.ttf  PidEid=3,1
uniyousl@Unicode@  <simyou.ttf  PidEid=3,1

cyberb@Unicode@    <cyberbit.ttf PidEid=3,1
