ActivateChild("Child Name");
ActivateNextChild(Direction: -1..1, MDI Order: 0..2, Index: -1..99999);
ActiveOK;
AddActive("Filename");
AddCheckList("Check Box Caption", Checked: 0..1, Disabled: 0..1);
AddColumns("Filename");
AddDictionary("Name","Filename","Filter", Enabled,Load,Save,Add,Completion: 0..1);
AddFileItem(Enabled: 0..1, "Description","Filename","Mode Filter");
AddFilters("Filename");
AddIconItem(Checked,OpenWith_Checked,UseIcon_Checked: 0..1, "Extension", "Description", "Open_Icon.ico", "Explorer_Icon.ico", xChecked,xOpenWith_Checked,xUseIcon_Checked: 0..1);
AddKeywords("Filename");
AddMenus("Filename", Rewrite_Update_Append: 0..2);
AddMode("Mode", "File Filter");
AddPopups("Filename", Rewrite_Update_Append: 0..2);
AddSwitches("Filename");
AddTranslations("Filename");
Assign("Name","Value");
Beep(Sound: 0..4);
BeginGroup;
BookMarkLineNumber(Reg: 0..9, BookmarkIndex: 0..9);
Browse(Reg: 0..9, "Filetype Filter", "Default Directory");
BuildTree;
CMD("WinEdt Command");
ChDir("Directory");
ChangeKeyboard(Iterate: -99..99, Flag: -1..1);
ChangeView(Flag: -1..2, Set View: 0..1, Center: 0..1);
Chr(Ascii Code: -1..255,"Char");
ClearBookMarks(All Documents: 0..1);
ClearCheckList;
ClearIconList;
CloseAppl("Application Window Caption");
CloseFile("Filename", Ignore_Modified_Attribute: 0..1);
CloseOutput;
CloseProject(Level: 0..9);
CloseSTDHandle(Input-Output-Error-All: 0..3);
CopyFile("Source", "Destination", Overwrite: 0..1, CreatePath: 0..1);
CopyFromClipboard(Reg: 0..9);
CopyToClipboard("String", Append: 0..1);
CreateFolders("Folder", CreatePath: 0..1);
CreateLink("Destination", "Link Name", "File Path and Name", "Arguments", "Working Directory", "Description", "Icon Path", "Icon Index");
DDEClose;
DDEExe("Macro Commands");
DDEOpen("Server Application","Service","Topic",Suppress_Warning:0..1);
DDEPoke("Item","Data");
DDERequest("Item",Reg: 0..9);
Declare("Name");
DelActive("Active String");
DelColumn("Column Name");
DelFilter("Filter Name");
DelKeyword("Keyword Name");
DelLabel("Label","Left Delimiter","Right Delimiter");
DelMode("Mode");
DelSwitch("Switch Name");
DeleteFile("Filename");
DeleteTree;
Do("Macro Command Line");
DosToUnix("Filename", Reg: 0..9);
End;
EndGroup;
EnterLongReg(Reg: 0..9, "Prompt","Caption");
EnterReg(Reg: 0..9, "Prompt","Caption");
EraseWorkingFiles("Interface.edt","Startup Folder","Caption",Subfolders: -1..1);
ErrorLogUpdate(Force Update: 0..1);
Exe("Macro Filename","Startup Folder");
Exit;
ExportDoc("Output", Color Format: 0..3,"RGB Delim","RGB Trailing","RGB Start","RGB End", "Italic Start","Italic End", etc..."Line Break","Translation Table: Char->String");
ExternalPrint("Macro", "Parameter", "Caption", "From", "To", "Portrait", "Landscape");
ExtractActive("Filename");
ExtractByIndex(Reg: 0..9, "String", Start:0..999999999, End:-999999999..999999999);
ExtractColors("Filename");
ExtractColumns("Filename");
ExtractDefaults("Filename");
ExtractDelimiters("Filename");
ExtractDictionaries("Filename");
ExtractFilters("Filename");
ExtractFont("Filename");
ExtractKeywords("Filename");
ExtractLanguage("Filename");
ExtractMenus("Filename");
ExtractModes("Filename");
ExtractPopups("Filename");
ExtractPreferences("Filename");
ExtractPrint("Filename");
ExtractProject("Filename");
ExtractSettings("Filename", Selected:0..1, Errors:0..1, Wrapping:0..1, Comments:0..1, Word Count:0..1, Sounds:0..1, Static Data:0..1);
ExtractSort("Filename");
ExtractStatusLine("Filename");
ExtractSwitches("Filename");
ExtractTemplates("Filename");
ExtractToolBar("Filename");
ExtractTranslations("Filename");
Find(CenterLines,StrictSel: -1..1);
FindError(Initialize:-1..1,Direction:-1..1,c-style:-1..1,type1,type2,type3,type4:-1..1,type_1_filter: 0..9);
FindInString("String1", "String2", Start: 0..9, End: 0..9, Flags: 0..11111, ResumeIndex: -999999999..999999999);
FormatString("String", Reg:0..9, "Format Mode");
GDIClear;
GDIClearAll;
GDICopy;
GDICustomFont(YesNo: 0..1);
GDIHide;
GDIKillFocus;
GDIPopup("Page","Caption",Refresh,Sort,Track_onClick,Track_onDblClick,OK_onDblClick:0..1,"Selected Item");
GDIReset;
GDISetFocus;
GDISetPage("Page Name","Selected Item");
GDIShow;
GDISort;
GDITrack;
GDIUpdate;
GDIUpdateAll;
GOTOBookMark(Index: -1..10, Center Line: 0..2, Extend Selection [if not greater than]: 0..15);
GetBuild(Reg: 0..9);
GetCaption(Reg: 0..9);
GetChildName(Reg: 0..9);
GetColor(Register: 0..9, "InitialColor", RGB_Format: 0..3, "Delimiter");
GetCounter("Label","Caption","z");
GetDate(Reg: 0..9, "Format","Locale");
GetDim("Label1","Label2","Caption","x","y");
GetDocAsASCII(Register:0..9, "Filename", Translate: -1..1, EOLN: 0..4);
GetFileDrive("String", Reg: 0..9);
GetFileName("String", Reg: 0..9);
GetFilePath("String", Reg: 0..9);
GetFileType("String", Reg: 0..9);
GetLength(Reg: 0..9, "String");
GetLine(Reg: 0..9, Line: 1..16000000);
GetLongFilename("String", Reg: 0..9);
GetLongString("Prompt","Caption","Default Value");
GetPreamble("End of Preamble String", Reg: 0..9);
GetRM(Reg: 0..9);
GetSel(SelAll: 0..1, Reg: 0..9);
GetShortFilename("String", Reg: 0..9);
GetString("Prompt","Caption","Default Value");
GetTag(Tag: 0..9, Register: 0..9);
GetTree(Reg: 0..9);
GetVersion(Reg: 0..9);
GlobalMark;
GlobalReturn;
Goto(Scope: 0..9);
GotoCL(ColumnNum: 1..99999999, LineNum: 1..16000000);
GotoCol(ColumnNum: 1..99999999);
GotoLin(LineNum: 1..16000000);
Group(Flat: 0..1,Top Margin: 0..99, Left Margin: 0..99,Rows: 1..99,Columns: 1..99,Width: 9..99,Height: 9..99,"Bitmap File");
HTMLHelp("Help File.chm", Owner: 0..1, Mode: 0..5, "Keyword or Link", Get_Keyword: 0..1);
Height(GUI Height in Pixels: 9..9999);
HelpKeyword("Help File","Keyword");
HighlightingOK;
IfChecked(Index: 0..999, "Then Macro", "Else Macro");
IfFileExists("Filename","If Macro","Else Macro");
IfFileLocked("Filename",flags:00000..11111,"Locked Macro","not Locked Macro","does not exist Macro");
IfFileOlder("File1","File2","Then Macro","Else Macro");
IfFound("If Macro","Else Macro");
IfIStr("A","B","Relation","If Macro","Else Macro");
IfIconChecked(Index: 0..999, Level: 0..2,"Then Macro","Else Macro");
IfLogErrors("Then","Else",c-style:-1..1,type1,type2,type3,type4:-1..1,type_1_filter: 0..9);
IfMode("Mode","Relation","If Macro","Else Macro");
IfNum(A,B: -999999999..999999999,"Relation","If Macro","Else Macro");
IfOK("Then Macro","Else Macro");
IfSel(SelMode: 0..15,"Relation","If Macro","Else Macro");
IfStr("A","B","Relation","If Macro","Else Macro");
IfisMode("Mode Filter","Mode or Submode", "Then","Else");
Ins("String to be inserted");
InsChar(Char: 0..255);
InsChr(Char: 0..255);
InsLabel("Label","Left Delimiter","Right Delimiter");
InsLine;
InsText("String to be inserted");
InsertByIndex(Reg: 0..9, "String1", "String2", Index:0);
InsertString("String", Append: 0..1);
Interface("Title");
Item("Item Label","Macro");
LetReg(Reg: 0..9, "Value");
LetRegNum(StrRegister: 0..9, Num_Expression: -999999999..999999999, Length: 0..99, Leading Zeros: 0..99);
LetStr(Global Reg: 0..9, "Value");
ListFolderFiles(Reg: 0..9, "Path", "filetype filter", recurse_subfolders: 0..1, relative_path: 0..3);
ListOpenedFiles(Register: 0..9, Order Flag: -2..2,"Mode Filter", "FileType Filter", New: 0..1, Readonly: 0..1);
LoadActive("Filename");
LoadColors("Filename");
LoadColumns("Filename");
LoadDefaults("Filename");
LoadDelimiters("Filename");
LoadDictionaries("Filename");
LoadFilters("Filename");
LoadFont("Filename");
LoadKeywords("Filename");
LoadLanguage("Filename");
LoadMenus("Filename");
LoadModes("Filename");
LoadPopups("Filename");
LoadPreferences("Filename");
LoadPrint("Filename");
LoadProject("Filename");
LoadSettings("Filename", Selected:0..1, Errors:0..1, Wrapping:0..1, Comments:0..1, Word Count:0..1, Sounds:0..1, Static Data:0..1);
LoadSort("Filename");
LoadStatusLine("Filename");
LoadSwitches("Filename");
LoadTemplates("Filename");
LoadToolBar("Filename");
LoadTranslations("Filename");
Loop("Macro");
Mark(Scope: 0..9);
MatchDelimiter(SelectionMode: 0..15, Delay: 0..1, SwapPosition: 0..1, IgnoreErrors: 0..1);
McrLoadFromFile("Filename.edt");
McrSaveToFile("Filename.edt");
Menu("Menu Item");
MoveFile("Source", "Destination");
NewLine;
OnGDIActivate("Macro");
OnGDICancel("Macro");
OnGDIClick("Macro1","Macro2");
OnGDIDblClick("Macro1","Macro2");
OnGDIEnter("Macro");
OnGDIShow("Macro");
Open("Document Name", Readonly:-1..1, Update: -1..1, SetFolder: -1..1, Main: 0..1, "Document Mode");
OpenOutput("File Name", Append: 0..1);
OpenPrj("ProjectFile.prj", RestoreDocuments: -1..1);
OpenProject(Level: 0..9);
Page("Label","Mode", ...);
Popup("Popup Menu Name","Popup Menu Item",Visible:-1..1);
PostMessage("Application", wm,wPar,lPar: -999999999..999999999);
Prompt("Prompt",Type,Buttons: 0..4, "Macro 1","Macro 2","Macro Yes/No: Cancel");
QuitWinEdt;
ReadFile("Filename", Reg: 0..9);
Refresh(Global: 0..1);
RefreshAll;
RefreshLine;
RefreshScreen;
RefreshSel;
RegDeleteKey("HKEY_...","Key1\Key2...","Delete Key Name");
RegDeleteValue("HKEY_...","Key1\Key2...","Delete Value Name");
Relax;
Release("VarName");
RemoveDictionary("Name");
RemoveDirectory("Directory Name");
RemoveFileDrive("String",Reg: 0..9);
RemoveString("String",Append: 0..1);
Repeat(Counter: 0..99999, "Macro");
Replace(CenterLines,StrictSel,QuickReplace: -1..1);
ReplaceAll(CenterLines,StrictSel,QuickReplace: -1..1);
ReplaceInString("S1", "S2", Start, End, Flags:0..1111, Reg:0..9);
Requires(Build Number: 19930101..99991231);
ResetGDI("Mode");
ResetGroup;
RestoreBlock;
RestoreFind;
RestoreIndent;
RestoreInsert;
RestoreLineWrap;
RestoreSort;
RestoreSpell;
RestoreWrap;
Run("Command Line","Startup Directory", Maximized,Background: 0..1,"Caption",Focus,Append: 0..1);
RunPrompt("Caption", isMacro: 0..1, isCustomFont: 0..1, isEmpty: 0..1, EraseList: 0..1);
SaveAll(Confirm: 0..1, Focus: 0..1,Project Files Only: 0..1,New Documents: 0..1,Readonly Documents: 0..1);
SaveFind;
SavePrj("Filename.prj");
SaveProject;
SaveSort;
ScrollDown(Lines: 0..16000000);
ScrollLeft(Chars: 0..16000000);
ScrollRight(Chars: 0..16000000);
ScrollUp(Lines: 0..16000000);
SearchReset;
Sel(SelMode: 0..15);
SelLine(LineNum: 1..16000000, SelMode: 0..15, isWrappedLineNum: #0..1);
SelPar(Paragrpah: 1..16000000, SelMode: 0..15);
SelWord(SelMode: 0..15);
SendMail("Subject","Text","Recipients","Attachments");
SendMessage("Application", wm,wPar,lPar: -999999999..999999999);
SendToDOS("DOS Window Caption","Command");
SetAppendDefExt(Append: 0..1);
SetAutoSave(Enabled: 0..1, Interval: 0..999, "Save To");
SetBTN("Filename");
SetBackup(KeepBackup: 0..1, KeepMin: 0..9999, "Backup To");
SetBlock(isBlock: 0..2);
SetBookMark(Index: -1..9);
SetCPPErr(Enabled: 0..1, Extended: 0..1, "After");
SetCaption("WinEdt Title", Global: 0..1);
SetDateVisible(Visible: 0..2);
SetDefColors;
SetDefExt("File Type");
SetDefMode("Mode");
SetDefPath("Path");
SetEditor("Keyword", Checked: 0..1);
SetEnvVar("Name","String Value");
SetErrorFlag(isError: 0..2);
SetFileMode("File Mode");
SetFileName("File Name");
SetFindCenterLine(Center: 0..1);
SetFindQuickReplace(Quick: 0..1);
SetFindStr("Search for");
SetFindTextSelect(Select: 0..1);
SetFocus("Application Window Caption");
SetFolder("Path");
SetGDI("Filename");
SetGUI("Filename");
SetIdleSave(Enabled: 0..1, Interval: 0..999, "Save To");
SetIndent(isIndent: 0..2);
SetInfo(Color: 0..15, "Text","Macro");
SetInfoVisible(Visible: 0..2);
SetInitLang(Init: 0..1);
SetInsert(isInsert: 0..2);
SetLineWrap(Wrap: 0..2);
SetLogFilename("Log File");
SetLogTranslation("Translation Table");
SetMainFile("Main File");
SetModeDef("Keyword", "Mode", Enabled: 0..1);
SetModified(Modifies: 0..1);
SetNew(New: 0..1);
SetNotFoundNotify(Notify: 0..1);
SetOK(isOK: 0..1);
SetOnExit("Macro");
SetOnMDIActivate("Macro");
SetOnMDIOpen("Macro");
SetOnPrjClose("Macro");
SetOnPrjOpen("Macro");
SetOnStartup("Macro");
SetPanelA(Visible:0..1, "Max String","Parameter","On-Click Macro");
SetPanelB(Visible:0..1, "Max String","Parameter","On-Click Macro");
SetRM(RightMargin: 1..999);
SetReadonly(Readonly: 0..1);
SetRegEx(isRegularExpression: 0..1);
SetRegKey("HKEY_...","Key1\Key2...","String Value");
SetRegStr("HKEY_...","Key1\Key2...","String Name","String Value");
SetRelRM(Offset: 0..99);
SetReplaceNotify(Notify: 0..1);
SetReplacePrompt(isPrompt: 0..1);
SetReplaceRespectCaps(isRespectCapitals: 0..1);
SetReplaceStr("Replace with");
SetRestorePrj(Enabled: 0..1);
SetSaveWinEdtConfig(AutoSave_onExit: 0..1);
SetSearchAllDoc;
SetSearchCaseSensitive(isCaseSensitive: 0..1);
SetSearchCurrentDoc;
SetSearchCyclic(isCyclic: 0..1);
SetSearchEntire(isEntire: 0..1);
SetSearchForward(isSearchForward: 0..1);
SetSearchInline(isInline: 0..1);
SetSearchRelaxed(isRelaxed: 0..1);
SetSearchSelected;
SetSearchWholeWords(isWholeWords: 0..1);
SetSel(SelMode: 0..15);
SetSort(Ascending,Case_Sensitive,Ignore_Length,Remove_Duplicates: #-1..1);
SetSounds(EnableSounds: 0..2);
SetSpell(isSpell: 0..2);
SetTabs(TabLen: 0..99, Expand: 0..4, OptLead: 0..2, OptNonLead: 0..2);
SetTag(Tag: 0..9, "Value");
SetTimeVisible(Visible: 0..2);
SetTracking(doTrack: 0..1);
SetTree("Data String", Reset_MainFile: 0..1);
SetUpdate(doUpdate: 0..1);
SetUpdateDrives(Checked: 0..1, "Drives Filter");
SetVirginStart;
SetWinEdtRegStr("String Name","String Value");
SetWrap(isWrap: 0..2);
SetupLine;
SetupScreen;
ShellExecute("Action","File","Parameters","Initial Directory",ShowFlag: 0..999999999);
ShellWizard("Caption");
ShowCheckList("Caption", Width: 300..1000, Height: 250..1000);
ShowDocTabs(Visible: 0..2);
ShowErrorLog(Visible: 0..2);
ShowGUIPage(Visible: 0..2);
ShowHardReturns(Visible: 0..2);
ShowIconList("Caption");
ShowLineNumbers(Visible: -1..2);
ShowList(DblClick Run: 0..1,DblClick Close: 0..1,"OK Macro","Cancel Macro",Selected_Item: 0..999999999,"Selected String");
ShowStatusLine(Visible: 0..2);
ShowTree(Visible: 0..2);
SortLines("Source String",Flags:0..1111,Table: 0..7,Result:0..9);
StartWorking("Message");
Stop;
StopWorking;
SubLabel("Label1","Left1","Right1","Label2","Left2","Right2");
TeXWizard("Caption","RTF folder","TeX Config Folder","Current Config Folder",Custom,match,direct,back,detached: 0..1, MiKTeX,fpTeX,YandY: 0..1,"Local Config Folder");
TrackCaret;
Translate(TableIndex: 0..3, "File Mode","String", Reg: 0..9);
UnixToDos("Filename", Reg: 0..9);
UpdateFile("Filename");
UpdateStatus;
Wait(MiliSec: 0..9999);
WaitForFocus(MiliSec: 0..9999);
WaitForInputIdle(MiliSec: 0..999999);
WhileOK("Macro");
WinEdtWizard("Caption");
WinExe("Executable","Command Line","Startup Folder","Caption",Flags:000000..111111,Priority: -1..1,"Std Input","Std Output","Std Error");
WinHelp("Help File");
WrL("Text String");
WrS("Text String");
